
Running 3 tests using 2 workers

  Γ£ô  1 [setup] ΓÇ║ automation\auth\auth.setup.ts:15:1 ΓÇ║ authenticate (21.2s)
Starting Agent 4 Workflow (User Sequence) for Sno: 4.1
Starting Agent 4 Workflow (User Sequence) for Sno: 4.1
Setting extension date to: 2028-11-15
Expecting one of: 15/11/2028, 15.11.2028, 15-Nov-2028, 15/11/2028
Observed text in widget: "15.11.2028 Extension Date Date Format DD.MM.YYYY"
Setting extension date to: 2028-11-15
Expecting one of: 15/11/2028, 15.11.2028, 15-Nov-2028, 15/11/2028
Observed text in widget: "15.11.2028 Extension Date Date Format DD.MM.YYYY"
Answering Yes to question...
Answering Yes to question...
  Γ£ÿ  2 [chromium] ΓÇ║ automation\tests\agent4_1.spec.ts:6:5 ΓÇ║ Agent 4.1 - Contract Extension Variation ΓÇ║ runs contract extension 4.1 workflow (3.6m)
  Γ£ÿ  3 [chromium] ΓÇ║ automation\tests\agent4.1.spec.ts:6:3 ΓÇ║ Agent 4 - Contract Extension ΓÇ║ runs contract extension workflow (4.7m)


  1) [chromium] ΓÇ║ automation\tests\agent4_1.spec.ts:6:5 ΓÇ║ Agent 4.1 - Contract Extension Variation ΓÇ║ runs contract extension 4.1 workflow 

    Error: [2mexpect([22m[31mlocator[39m[2m).[22mtoBeEnabled[2m([22m[2m)[22m failed

    Locator: getByRole('button', { name: /^create request$/i })
    Expected: enabled
    Timeout: 60000ms
    Error: element(s) not found

    Call log:
    [2m  - Expect "toBeEnabled" with timeout 60000ms[22m
    [2m  - waiting for getByRole('button', { name: /^create request$/i })[22m


       at workflows\agent4.ts:101

       99 |
      100 |   const createRequestBtn = page.getByRole('button', { name: /^create request$/i });
    > 101 |   await expect(createRequestBtn).toBeEnabled({ timeout: 60_000 });
          |                                  ^
      102 |   await createRequestBtn.click();
      103 |   aiEventsCount = await waitForAiEvents(page, aiEventsCount).catch(() => aiEventsCount);
      104 |
        at workflowAgent4 (C:\Users\akshaya.reddy\Desktop\Qi_UI - Copy - Copy (2)\automation\workflows\agent4.ts:101:34)
        at C:\Users\akshaya.reddy\Desktop\Qi_UI - Copy - Copy (2)\automation\tests\agent4_1.spec.ts:16:9)
        at C:\Users\akshaya.reddy\Desktop\Qi_UI - Copy - Copy (2)\node_modules\playwright\lib\worker\workerMain.js:323:9)
        at C:\Users\akshaya.reddy\Desktop\Qi_UI - Copy - Copy (2)\node_modules\playwright\lib\worker\testInfo.js:320:11)
        at C:\Users\akshaya.reddy\Desktop\Qi_UI - Copy - Copy (2)\node_modules\playwright\lib\worker\workerMain.js:321:7)

    attachment #1: screenshot (image/png) ΓöÇΓöÇΓöÇΓöÇΓöÇΓöÇΓöÇΓöÇΓöÇΓöÇΓöÇΓöÇΓöÇΓöÇΓöÇΓöÇΓöÇΓöÇΓöÇΓöÇΓöÇΓöÇΓöÇΓöÇΓöÇΓöÇΓöÇΓöÇΓöÇΓöÇΓöÇΓöÇΓöÇΓöÇΓöÇΓöÇΓöÇΓöÇΓöÇΓöÇΓöÇΓöÇΓöÇΓöÇΓöÇΓöÇΓöÇΓöÇΓöÇΓöÇΓöÇΓöÇΓöÇΓöÇΓöÇΓöÇΓöÇΓöÇ
    test-results\agent4_1-Agent-4-1---Contr-ea3d3-ract-extension-4-1-workflow-chromium\test-failed-1.png
    ΓöÇΓöÇΓöÇΓöÇΓöÇΓöÇΓöÇΓöÇΓöÇΓöÇΓöÇΓöÇΓöÇΓöÇΓöÇΓöÇΓöÇΓöÇΓöÇΓöÇΓöÇΓöÇΓöÇΓöÇΓöÇΓöÇΓöÇΓöÇΓöÇΓöÇΓöÇΓöÇΓöÇΓöÇΓöÇΓöÇΓöÇΓöÇΓöÇΓöÇΓöÇΓöÇΓöÇΓöÇΓöÇΓöÇΓöÇΓöÇΓöÇΓöÇΓöÇΓöÇΓöÇΓöÇΓöÇΓöÇΓöÇΓöÇΓöÇΓöÇΓöÇΓöÇΓöÇΓöÇΓöÇΓöÇΓöÇΓöÇΓöÇΓöÇΓöÇΓöÇΓöÇΓöÇΓöÇΓöÇΓöÇΓöÇΓöÇΓöÇΓöÇΓöÇΓöÇΓöÇΓöÇΓöÇΓöÇΓöÇΓöÇΓöÇΓöÇΓöÇΓöÇΓöÇΓöÇΓöÇ

    attachment #2: video (video/webm) ΓöÇΓöÇΓöÇΓöÇΓöÇΓöÇΓöÇΓöÇΓöÇΓöÇΓöÇΓöÇΓöÇΓöÇΓöÇΓöÇΓöÇΓöÇΓöÇΓöÇΓöÇΓöÇΓöÇΓöÇΓöÇΓöÇΓöÇΓöÇΓöÇΓöÇΓöÇΓöÇΓöÇΓöÇΓöÇΓöÇΓöÇΓöÇΓöÇΓöÇΓöÇΓöÇΓöÇΓöÇΓöÇΓöÇΓöÇΓöÇΓöÇΓöÇΓöÇΓöÇΓöÇΓöÇΓöÇΓöÇΓöÇΓöÇΓöÇΓöÇΓöÇΓöÇ
    test-results\agent4_1-Agent-4-1---Contr-ea3d3-ract-extension-4-1-workflow-chromium\video.webm
    ΓöÇΓöÇΓöÇΓöÇΓöÇΓöÇΓöÇΓöÇΓöÇΓöÇΓöÇΓöÇΓöÇΓöÇΓöÇΓöÇΓöÇΓöÇΓöÇΓöÇΓöÇΓöÇΓöÇΓöÇΓöÇΓöÇΓöÇΓöÇΓöÇΓöÇΓöÇΓöÇΓöÇΓöÇΓöÇΓöÇΓöÇΓöÇΓöÇΓöÇΓöÇΓöÇΓöÇΓöÇΓöÇΓöÇΓöÇΓöÇΓöÇΓöÇΓöÇΓöÇΓöÇΓöÇΓöÇΓöÇΓöÇΓöÇΓöÇΓöÇΓöÇΓöÇΓöÇΓöÇΓöÇΓöÇΓöÇΓöÇΓöÇΓöÇΓöÇΓöÇΓöÇΓöÇΓöÇΓöÇΓöÇΓöÇΓöÇΓöÇΓöÇΓöÇΓöÇΓöÇΓöÇΓöÇΓöÇΓöÇΓöÇΓöÇΓöÇΓöÇΓöÇΓöÇΓöÇΓöÇ

    Error Context: test-results\agent4_1-Agent-4-1---Contr-ea3d3-ract-extension-4-1-workflow-chromium\error-context.md

  2) [chromium] ΓÇ║ automation\tests\agent4.1.spec.ts:6:3 ΓÇ║ Agent 4 - Contract Extension ΓÇ║ runs contract extension workflow 

    Error: [2mexpect([22m[31mlocator[39m[2m).[22mtoBeEnabled[2m([22m[2m)[22m failed

    Locator: getByRole('button', { name: /^create request$/i })
    Expected: enabled
    Timeout: 60000ms
    Error: element(s) not found

    Call log:
    [2m  - Expect "toBeEnabled" with timeout 60000ms[22m
    [2m  - waiting for getByRole('button', { name: /^create request$/i })[22m


       at workflows\agent4.ts:101

       99 |
      100 |   const createRequestBtn = page.getByRole('button', { name: /^create request$/i });
    > 101 |   await expect(createRequestBtn).toBeEnabled({ timeout: 60_000 });
          |                                  ^
      102 |   await createRequestBtn.click();
      103 |   aiEventsCount = await waitForAiEvents(page, aiEventsCount).catch(() => aiEventsCount);
      104 |
        at workflowAgent4 (C:\Users\akshaya.reddy\Desktop\Qi_UI - Copy - Copy (2)\automation\workflows\agent4.ts:101:34)
        at workflowAgent4_TC2 (C:\Users\akshaya.reddy\Desktop\Qi_UI - Copy - Copy (2)\automation\workflows\agent4.1.ts:13:10)
        at C:\Users\akshaya.reddy\Desktop\Qi_UI - Copy - Copy (2)\automation\tests\agent4.1.spec.ts:17:5)
        at C:\Users\akshaya.reddy\Desktop\Qi_UI - Copy - Copy (2)\node_modules\playwright\lib\worker\workerMain.js:323:9)
        at C:\Users\akshaya.reddy\Desktop\Qi_UI - Copy - Copy (2)\node_modules\playwright\lib\worker\testInfo.js:320:11)
        at C:\Users\akshaya.reddy\Desktop\Qi_UI - Copy - Copy (2)\node_modules\playwright\lib\worker\workerMain.js:321:7)

    attachment #1: screenshot (image/png) ΓöÇΓöÇΓöÇΓöÇΓöÇΓöÇΓöÇΓöÇΓöÇΓöÇΓöÇΓöÇΓöÇΓöÇΓöÇΓöÇΓöÇΓöÇΓöÇΓöÇΓöÇΓöÇΓöÇΓöÇΓöÇΓöÇΓöÇΓöÇΓöÇΓöÇΓöÇΓöÇΓöÇΓöÇΓöÇΓöÇΓöÇΓöÇΓöÇΓöÇΓöÇΓöÇΓöÇΓöÇΓöÇΓöÇΓöÇΓöÇΓöÇΓöÇΓöÇΓöÇΓöÇΓöÇΓöÇΓöÇΓöÇΓöÇ
    test-results\agent4.1-Agent-4---Contrac-24bd1-contract-extension-workflow-chromium\test-failed-1.png
    ΓöÇΓöÇΓöÇΓöÇΓöÇΓöÇΓöÇΓöÇΓöÇΓöÇΓöÇΓöÇΓöÇΓöÇΓöÇΓöÇΓöÇΓöÇΓöÇΓöÇΓöÇΓöÇΓöÇΓöÇΓöÇΓöÇΓöÇΓöÇΓöÇΓöÇΓöÇΓöÇΓöÇΓöÇΓöÇΓöÇΓöÇΓöÇΓöÇΓöÇΓöÇΓöÇΓöÇΓöÇΓöÇΓöÇΓöÇΓöÇΓöÇΓöÇΓöÇΓöÇΓöÇΓöÇΓöÇΓöÇΓöÇΓöÇΓöÇΓöÇΓöÇΓöÇΓöÇΓöÇΓöÇΓöÇΓöÇΓöÇΓöÇΓöÇΓöÇΓöÇΓöÇΓöÇΓöÇΓöÇΓöÇΓöÇΓöÇΓöÇΓöÇΓöÇΓöÇΓöÇΓöÇΓöÇΓöÇΓöÇΓöÇΓöÇΓöÇΓöÇΓöÇΓöÇΓöÇΓöÇ

    attachment #2: video (video/webm) ΓöÇΓöÇΓöÇΓöÇΓöÇΓöÇΓöÇΓöÇΓöÇΓöÇΓöÇΓöÇΓöÇΓöÇΓöÇΓöÇΓöÇΓöÇΓöÇΓöÇΓöÇΓöÇΓöÇΓöÇΓöÇΓöÇΓöÇΓöÇΓöÇΓöÇΓöÇΓöÇΓöÇΓöÇΓöÇΓöÇΓöÇΓöÇΓöÇΓöÇΓöÇΓöÇΓöÇΓöÇΓöÇΓöÇΓöÇΓöÇΓöÇΓöÇΓöÇΓöÇΓöÇΓöÇΓöÇΓöÇΓöÇΓöÇΓöÇΓöÇΓöÇΓöÇ
    test-results\agent4.1-Agent-4---Contrac-24bd1-contract-extension-workflow-chromium\video.webm
    ΓöÇΓöÇΓöÇΓöÇΓöÇΓöÇΓöÇΓöÇΓöÇΓöÇΓöÇΓöÇΓöÇΓöÇΓöÇΓöÇΓöÇΓöÇΓöÇΓöÇΓöÇΓöÇΓöÇΓöÇΓöÇΓöÇΓöÇΓöÇΓöÇΓöÇΓöÇΓöÇΓöÇΓöÇΓöÇΓöÇΓöÇΓöÇΓöÇΓöÇΓöÇΓöÇΓöÇΓöÇΓöÇΓöÇΓöÇΓöÇΓöÇΓöÇΓöÇΓöÇΓöÇΓöÇΓöÇΓöÇΓöÇΓöÇΓöÇΓöÇΓöÇΓöÇΓöÇΓöÇΓöÇΓöÇΓöÇΓöÇΓöÇΓöÇΓöÇΓöÇΓöÇΓöÇΓöÇΓöÇΓöÇΓöÇΓöÇΓöÇΓöÇΓöÇΓöÇΓöÇΓöÇΓöÇΓöÇΓöÇΓöÇΓöÇΓöÇΓöÇΓöÇΓöÇΓöÇΓöÇ

    Error Context: test-results\agent4.1-Agent-4---Contrac-24bd1-contract-extension-workflow-chromium\error-context.md

  2 failed
    [chromium] ΓÇ║ automation\tests\agent4_1.spec.ts:6:5 ΓÇ║ Agent 4.1 - Contract Extension Variation ΓÇ║ runs contract extension 4.1 workflow 
    [chromium] ΓÇ║ automation\tests\agent4.1.spec.ts:6:3 ΓÇ║ Agent 4 - Contract Extension ΓÇ║ runs contract extension workflow 
  1 passed (6.7m)

To open last HTML report run:
[36m[39m
[36m  npx playwright show-report[39m
[36m[39m
